make  all-recursive
make[1]: Entering directory '/workspace/Heimdall_fixed/heimdall'
Making all in Pipeline
make[2]: Entering directory '/workspace/Heimdall_fixed/heimdall/Pipeline'
depbase=`echo default_params.lo | sed 's|[^/]*$|.deps/&|;s|\.lo$||'`;\
/bin/bash ../libtool  --tag=CXX   --mode=compile g++ -DHAVE_CONFIG_H -I. -I..  -I.. -I../Network -I../Formats -I/workspace/software/dedisp/include  -I/usr/local/cuda-11.8/include    -g -O2  -I/usr/local/cuda-11.8/include -MT default_params.lo -MD -MP -MF $depbase.Tpo -c -o default_params.lo default_params.C &&\
mv -f $depbase.Tpo $depbase.Plo
depbase=`echo error.lo | sed 's|[^/]*$|.deps/&|;s|\.lo$||'`;\
/bin/bash ../libtool  --tag=CXX   --mode=compile g++ -DHAVE_CONFIG_H -I. -I..  -I.. -I../Network -I../Formats -I/workspace/software/dedisp/include  -I/usr/local/cuda-11.8/include    -g -O2  -I/usr/local/cuda-11.8/include -MT error.lo -MD -MP -MF $depbase.Tpo -c -o error.lo error.C &&\
mv -f $depbase.Tpo $depbase.Plo
depbase=`echo parse_command_line.lo | sed 's|[^/]*$|.deps/&|;s|\.lo$||'`;\
/bin/bash ../libtool  --tag=CXX   --mode=compile g++ -DHAVE_CONFIG_H -I. -I..  -I.. -I../Network -I../Formats -I/workspace/software/dedisp/include  -I/usr/local/cuda-11.8/include    -g -O2  -I/usr/local/cuda-11.8/include -MT parse_command_line.lo -MD -MP -MF $depbase.Tpo -c -o parse_command_line.lo parse_command_line.C &&\
mv -f $depbase.Tpo $depbase.Plo
../cudalt.py clean_filterbank_rfi.lo /usr/local/cuda-11.8/bin/nvcc  -Xcompiler "-I. -I..  -I.. -I../Network -I../Formats -I/workspace/software/dedisp/include  -I/usr/local/cuda-11.8/include  " -I/usr/local/cuda-11.8/include --compiler-options=\" -g -O2  -I. -I..  -I.. -I../Network -I../Formats -I/workspace/software/dedisp/include  -I/usr/local/cuda-11.8/include   \" -c clean_filterbank_rfi.cu
../cudalt.py get_rms.lo /usr/local/cuda-11.8/bin/nvcc  -Xcompiler "-I. -I..  -I.. -I../Network -I../Formats -I/workspace/software/dedisp/include  -I/usr/local/cuda-11.8/include  " -I/usr/local/cuda-11.8/include --compiler-options=\" -g -O2  -I. -I..  -I.. -I../Network -I../Formats -I/workspace/software/dedisp/include  -I/usr/local/cuda-11.8/include   \" -c get_rms.cu
../cudalt.py matched_filter.lo /usr/local/cuda-11.8/bin/nvcc  -Xcompiler "-I. -I..  -I.. -I../Network -I../Formats -I/workspace/software/dedisp/include  -I/usr/local/cuda-11.8/include  " -I/usr/local/cuda-11.8/include --compiler-options=\" -g -O2  -I. -I..  -I.. -I../Network -I../Formats -I/workspace/software/dedisp/include  -I/usr/local/cuda-11.8/include   \" -c matched_filter.cu
../cudalt.py remove_baseline.lo /usr/local/cuda-11.8/bin/nvcc  -Xcompiler "-I. -I..  -I.. -I../Network -I../Formats -I/workspace/software/dedisp/include  -I/usr/local/cuda-11.8/include  " -I/usr/local/cuda-11.8/include --compiler-options=\" -g -O2  -I. -I..  -I.. -I../Network -I../Formats -I/workspace/software/dedisp/include  -I/usr/local/cuda-11.8/include   \" -c remove_baseline.cu
../cudalt.py find_giants.lo /usr/local/cuda-11.8/bin/nvcc  -Xcompiler "-I. -I..  -I.. -I../Network -I../Formats -I/workspace/software/dedisp/include  -I/usr/local/cuda-11.8/include  " -I/usr/local/cuda-11.8/include --compiler-options=\" -g -O2  -I. -I..  -I.. -I../Network -I../Formats -I/workspace/software/dedisp/include  -I/usr/local/cuda-11.8/include   \" -c find_giants.cu
../cudalt.py label_candidate_clusters.lo /usr/local/cuda-11.8/bin/nvcc  -Xcompiler "-I. -I..  -I.. -I../Network -I../Formats -I/workspace/software/dedisp/include  -I/usr/local/cuda-11.8/include  " -I/usr/local/cuda-11.8/include --compiler-options=\" -g -O2  -I. -I..  -I.. -I../Network -I../Formats -I/workspace/software/dedisp/include  -I/usr/local/cuda-11.8/include   \" -c label_candidate_clusters.cu
../cudalt.py merge_candidates.lo /usr/local/cuda-11.8/bin/nvcc  -Xcompiler "-I. -I..  -I.. -I../Network -I../Formats -I/workspace/software/dedisp/include  -I/usr/local/cuda-11.8/include  " -I/usr/local/cuda-11.8/include --compiler-options=\" -g -O2  -I. -I..  -I.. -I../Network -I../Formats -I/workspace/software/dedisp/include  -I/usr/local/cuda-11.8/include   \" -c merge_candidates.cu
../cudalt.py pipeline.lo /usr/local/cuda-11.8/bin/nvcc  -Xcompiler "-I. -I..  -I.. -I../Network -I../Formats -I/workspace/software/dedisp/include  -I/usr/local/cuda-11.8/include  " -I/usr/local/cuda-11.8/include --compiler-options=\" -g -O2  -I. -I..  -I.. -I../Network -I../Formats -I/workspace/software/dedisp/include  -I/usr/local/cuda-11.8/include   \" -c pipeline.cu
../cudalt.py measure_bandpass.lo /usr/local/cuda-11.8/bin/nvcc  -Xcompiler "-I. -I..  -I.. -I../Network -I../Formats -I/workspace/software/dedisp/include  -I/usr/local/cuda-11.8/include  " -I/usr/local/cuda-11.8/include --compiler-options=\" -g -O2  -I. -I..  -I.. -I../Network -I../Formats -I/workspace/software/dedisp/include  -I/usr/local/cuda-11.8/include   \" -c measure_bandpass.cu
../cudalt.py median_filter.lo /usr/local/cuda-11.8/bin/nvcc  -Xcompiler "-I. -I..  -I.. -I../Network -I../Formats -I/workspace/software/dedisp/include  -I/usr/local/cuda-11.8/include  " -I/usr/local/cuda-11.8/include --compiler-options=\" -g -O2  -I. -I..  -I.. -I../Network -I../Formats -I/workspace/software/dedisp/include  -I/usr/local/cuda-11.8/include   \" -c median_filter.cu
libtool: compile:  g++ -DHAVE_CONFIG_H -I. -I.. -I.. -I../Network -I../Formats -I/workspace/software/dedisp/include -I/usr/local/cuda-11.8/include -g -O2 -I/usr/local/cuda-11.8/include -MT error.lo -MD -MP -MF .deps/error.Tpo -c error.C -o error.o
libtool: compile:  g++ -DHAVE_CONFIG_H -I. -I.. -I.. -I../Network -I../Formats -I/workspace/software/dedisp/include -I/usr/local/cuda-11.8/include -g -O2 -I/usr/local/cuda-11.8/include -MT default_params.lo -MD -MP -MF .deps/default_params.Tpo -c default_params.C -o default_params.o
libtool: compile:  g++ -DHAVE_CONFIG_H -I. -I.. -I.. -I../Network -I../Formats -I/workspace/software/dedisp/include -I/usr/local/cuda-11.8/include -g -O2 -I/usr/local/cuda-11.8/include -MT parse_command_line.lo -MD -MP -MF .deps/parse_command_line.Tpo -c parse_command_line.C -o parse_command_line.o
/usr/local/cuda-11.8/bin/nvcc -Xcompiler -I. -I..  -I.. -I../Network -I../Formats -I/workspace/software/dedisp/include  -I/usr/local/cuda-11.8/include   -I/usr/local/cuda-11.8/include --compiler-options=" -g -O2 -I. -I.. -I.. -I../Network -I../Formats -I/workspace/software/dedisp/include -I/usr/local/cuda-11.8/include " -c measure_bandpass.cu -Xcompiler -fPIC -o .libs/measure_bandpass.o
/usr/local/cuda-11.8/bin/nvcc -Xcompiler -I. -I..  -I.. -I../Network -I../Formats -I/workspace/software/dedisp/include  -I/usr/local/cuda-11.8/include   -I/usr/local/cuda-11.8/include --compiler-options=" -g -O2 -I. -I.. -I.. -I../Network -I../Formats -I/workspace/software/dedisp/include -I/usr/local/cuda-11.8/include " -c measure_bandpass.cu -o measure_bandpass.o
/usr/local/cuda-11.8/bin/nvcc -Xcompiler -I. -I..  -I.. -I../Network -I../Formats -I/workspace/software/dedisp/include  -I/usr/local/cuda-11.8/include   -I/usr/local/cuda-11.8/include --compiler-options=" -g -O2 -I. -I.. -I.. -I../Network -I../Formats -I/workspace/software/dedisp/include -I/usr/local/cuda-11.8/include " -c remove_baseline.cu -Xcompiler -fPIC -o .libs/remove_baseline.o
/usr/local/cuda-11.8/bin/nvcc -Xcompiler -I. -I..  -I.. -I../Network -I../Formats -I/workspace/software/dedisp/include  -I/usr/local/cuda-11.8/include   -I/usr/local/cuda-11.8/include --compiler-options=" -g -O2 -I. -I.. -I.. -I../Network -I../Formats -I/workspace/software/dedisp/include -I/usr/local/cuda-11.8/include " -c remove_baseline.cu -o remove_baseline.o
/usr/local/cuda-11.8/bin/nvcc -Xcompiler -I. -I..  -I.. -I../Network -I../Formats -I/workspace/software/dedisp/include  -I/usr/local/cuda-11.8/include   -I/usr/local/cuda-11.8/include --compiler-options=" -g -O2 -I. -I.. -I.. -I../Network -I../Formats -I/workspace/software/dedisp/include -I/usr/local/cuda-11.8/include " -c get_rms.cu -Xcompiler -fPIC -o .libs/get_rms.o
/usr/local/cuda-11.8/bin/nvcc -Xcompiler -I. -I..  -I.. -I../Network -I../Formats -I/workspace/software/dedisp/include  -I/usr/local/cuda-11.8/include   -I/usr/local/cuda-11.8/include --compiler-options=" -g -O2 -I. -I.. -I.. -I../Network -I../Formats -I/workspace/software/dedisp/include -I/usr/local/cuda-11.8/include " -c get_rms.cu -o get_rms.o
/usr/local/cuda-11.8/bin/nvcc -Xcompiler -I. -I..  -I.. -I../Network -I../Formats -I/workspace/software/dedisp/include  -I/usr/local/cuda-11.8/include   -I/usr/local/cuda-11.8/include --compiler-options=" -g -O2 -I. -I.. -I.. -I../Network -I../Formats -I/workspace/software/dedisp/include -I/usr/local/cuda-11.8/include " -c median_filter.cu -Xcompiler -fPIC -o .libs/median_filter.o
/usr/local/cuda-11.8/bin/nvcc -Xcompiler -I. -I..  -I.. -I../Network -I../Formats -I/workspace/software/dedisp/include  -I/usr/local/cuda-11.8/include   -I/usr/local/cuda-11.8/include --compiler-options=" -g -O2 -I. -I.. -I.. -I../Network -I../Formats -I/workspace/software/dedisp/include -I/usr/local/cuda-11.8/include " -c median_filter.cu -o median_filter.o
/usr/local/cuda-11.8/bin/nvcc -Xcompiler -I. -I..  -I.. -I../Network -I../Formats -I/workspace/software/dedisp/include  -I/usr/local/cuda-11.8/include   -I/usr/local/cuda-11.8/include --compiler-options=" -g -O2 -I. -I.. -I.. -I../Network -I../Formats -I/workspace/software/dedisp/include -I/usr/local/cuda-11.8/include " -c label_candidate_clusters.cu -Xcompiler -fPIC -o .libs/label_candidate_clusters.o
/usr/local/cuda-11.8/bin/nvcc -Xcompiler -I. -I..  -I.. -I../Network -I../Formats -I/workspace/software/dedisp/include  -I/usr/local/cuda-11.8/include   -I/usr/local/cuda-11.8/include --compiler-options=" -g -O2 -I. -I.. -I.. -I../Network -I../Formats -I/workspace/software/dedisp/include -I/usr/local/cuda-11.8/include " -c label_candidate_clusters.cu -o label_candidate_clusters.o
/usr/local/cuda-11.8/bin/nvcc -Xcompiler -I. -I..  -I.. -I../Network -I../Formats -I/workspace/software/dedisp/include  -I/usr/local/cuda-11.8/include   -I/usr/local/cuda-11.8/include --compiler-options=" -g -O2 -I. -I.. -I.. -I../Network -I../Formats -I/workspace/software/dedisp/include -I/usr/local/cuda-11.8/include " -c clean_filterbank_rfi.cu -Xcompiler -fPIC -o .libs/clean_filterbank_rfi.o
/usr/local/cuda-11.8/bin/nvcc -Xcompiler -I. -I..  -I.. -I../Network -I../Formats -I/workspace/software/dedisp/include  -I/usr/local/cuda-11.8/include   -I/usr/local/cuda-11.8/include --compiler-options=" -g -O2 -I. -I.. -I.. -I../Network -I../Formats -I/workspace/software/dedisp/include -I/usr/local/cuda-11.8/include " -c clean_filterbank_rfi.cu -o clean_filterbank_rfi.o
/usr/local/cuda-11.8/bin/nvcc -Xcompiler -I. -I..  -I.. -I../Network -I../Formats -I/workspace/software/dedisp/include  -I/usr/local/cuda-11.8/include   -I/usr/local/cuda-11.8/include --compiler-options=" -g -O2 -I. -I.. -I.. -I../Network -I../Formats -I/workspace/software/dedisp/include -I/usr/local/cuda-11.8/include " -c pipeline.cu -Xcompiler -fPIC -o .libs/pipeline.o
/usr/local/cuda-11.8/bin/nvcc -Xcompiler -I. -I..  -I.. -I../Network -I../Formats -I/workspace/software/dedisp/include  -I/usr/local/cuda-11.8/include   -I/usr/local/cuda-11.8/include --compiler-options=" -g -O2 -I. -I.. -I.. -I../Network -I../Formats -I/workspace/software/dedisp/include -I/usr/local/cuda-11.8/include " -c pipeline.cu -o pipeline.o
/usr/local/cuda-11.8/bin/nvcc -Xcompiler -I. -I..  -I.. -I../Network -I../Formats -I/workspace/software/dedisp/include  -I/usr/local/cuda-11.8/include   -I/usr/local/cuda-11.8/include --compiler-options=" -g -O2 -I. -I.. -I.. -I../Network -I../Formats -I/workspace/software/dedisp/include -I/usr/local/cuda-11.8/include " -c matched_filter.cu -Xcompiler -fPIC -o .libs/matched_filter.o
/usr/local/cuda-11.8/bin/nvcc -Xcompiler -I. -I..  -I.. -I../Network -I../Formats -I/workspace/software/dedisp/include  -I/usr/local/cuda-11.8/include   -I/usr/local/cuda-11.8/include --compiler-options=" -g -O2 -I. -I.. -I.. -I../Network -I../Formats -I/workspace/software/dedisp/include -I/usr/local/cuda-11.8/include " -c matched_filter.cu -o matched_filter.o
/usr/local/cuda-11.8/bin/nvcc -Xcompiler -I. -I..  -I.. -I../Network -I../Formats -I/workspace/software/dedisp/include  -I/usr/local/cuda-11.8/include   -I/usr/local/cuda-11.8/include --compiler-options=" -g -O2 -I. -I.. -I.. -I../Network -I../Formats -I/workspace/software/dedisp/include -I/usr/local/cuda-11.8/include " -c merge_candidates.cu -Xcompiler -fPIC -o .libs/merge_candidates.o
/usr/local/cuda-11.8/bin/nvcc -Xcompiler -I. -I..  -I.. -I../Network -I../Formats -I/workspace/software/dedisp/include  -I/usr/local/cuda-11.8/include   -I/usr/local/cuda-11.8/include --compiler-options=" -g -O2 -I. -I.. -I.. -I../Network -I../Formats -I/workspace/software/dedisp/include -I/usr/local/cuda-11.8/include " -c merge_candidates.cu -o merge_candidates.o
/usr/local/cuda-11.8/bin/nvcc -Xcompiler -I. -I..  -I.. -I../Network -I../Formats -I/workspace/software/dedisp/include  -I/usr/local/cuda-11.8/include   -I/usr/local/cuda-11.8/include --compiler-options=" -g -O2 -I. -I.. -I.. -I../Network -I../Formats -I/workspace/software/dedisp/include -I/usr/local/cuda-11.8/include " -c find_giants.cu -Xcompiler -fPIC -o .libs/find_giants.o
/usr/local/cuda-11.8/bin/nvcc -Xcompiler -I. -I..  -I.. -I../Network -I../Formats -I/workspace/software/dedisp/include  -I/usr/local/cuda-11.8/include   -I/usr/local/cuda-11.8/include --compiler-options=" -g -O2 -I. -I.. -I.. -I../Network -I../Formats -I/workspace/software/dedisp/include -I/usr/local/cuda-11.8/include " -c find_giants.cu -o find_giants.o
/bin/bash ../libtool  --tag=CXX   --mode=link g++  -g -O2  -I/usr/local/cuda-11.8/include   -o libhdpipeline.la -rpath /workspace/Heimdall_fixed/Install/lib default_params.lo error.lo parse_command_line.lo clean_filterbank_rfi.lo get_rms.lo matched_filter.lo remove_baseline.lo find_giants.lo label_candidate_clusters.lo merge_candidates.lo pipeline.lo measure_bandpass.lo median_filter.lo matched_filter.lo  
copying selected object files to avoid basename conflicts...
libtool: link: ln matched_filter.o .libs/libhdpipeline.lax/lt1-matched_filter.o || cp matched_filter.o .libs/libhdpipeline.lax/lt1-matched_filter.o
libtool: link: ar cr .libs/libhdpipeline.a default_params.o error.o parse_command_line.o clean_filterbank_rfi.o get_rms.o matched_filter.o remove_baseline.o find_giants.o label_candidate_clusters.o merge_candidates.o pipeline.o measure_bandpass.o median_filter.o .libs/libhdpipeline.lax/lt1-matched_filter.o
libtool: link: ranlib .libs/libhdpipeline.a
libtool: link: rm -fr .libs/libhdpipeline.lax
libtool: link: ( cd ".libs" && rm -f "libhdpipeline.la" && ln -s "../libhdpipeline.la" "libhdpipeline.la" )
make[2]: Leaving directory '/workspace/Heimdall_fixed/heimdall/Pipeline'
Making all in Formats
make[2]: Entering directory '/workspace/Heimdall_fixed/heimdall/Formats'
depbase=`echo SigprocFile.lo | sed 's|[^/]*$|.deps/&|;s|\.lo$||'`;\
/bin/bash ../libtool  --tag=CXX   --mode=compile g++ -DHAVE_CONFIG_H -I. -I..  -I/workspace/software/psrdada/include   -g -O2  -I/usr/local/cuda-11.8/include -MT SigprocFile.lo -MD -MP -MF $depbase.Tpo -c -o SigprocFile.lo SigprocFile.C &&\
mv -f $depbase.Tpo $depbase.Plo
depbase=`echo PSRDadaRingBuffer.lo | sed 's|[^/]*$|.deps/&|;s|\.lo$||'`;\
/bin/bash ../libtool  --tag=CXX   --mode=compile g++ -DHAVE_CONFIG_H -I. -I..  -I/workspace/software/psrdada/include   -g -O2  -I/usr/local/cuda-11.8/include -MT PSRDadaRingBuffer.lo -MD -MP -MF $depbase.Tpo -c -o PSRDadaRingBuffer.lo PSRDadaRingBuffer.C &&\
mv -f $depbase.Tpo $depbase.Plo
libtool: compile:  g++ -DHAVE_CONFIG_H -I. -I.. -I/workspace/software/psrdada/include -g -O2 -I/usr/local/cuda-11.8/include -MT SigprocFile.lo -MD -MP -MF .deps/SigprocFile.Tpo -c SigprocFile.C -o SigprocFile.o
libtool: compile:  g++ -DHAVE_CONFIG_H -I. -I.. -I/workspace/software/psrdada/include -g -O2 -I/usr/local/cuda-11.8/include -MT PSRDadaRingBuffer.lo -MD -MP -MF .deps/PSRDadaRingBuffer.Tpo -c PSRDadaRingBuffer.C -o PSRDadaRingBuffer.o
/bin/bash ../libtool  --tag=CXX   --mode=link g++  -g -O2  -I/usr/local/cuda-11.8/include   -o libhdformats.la -rpath /workspace/Heimdall_fixed/Install/lib SigprocFile.lo PSRDadaRingBuffer.lo  
libtool: link: ar cr .libs/libhdformats.a  SigprocFile.o PSRDadaRingBuffer.o
libtool: link: ranlib .libs/libhdformats.a
libtool: link: ( cd ".libs" && rm -f "libhdformats.la" && ln -s "../libhdformats.la" "libhdformats.la" )
make[2]: Leaving directory '/workspace/Heimdall_fixed/heimdall/Formats'
Making all in Network
make[2]: Entering directory '/workspace/Heimdall_fixed/heimdall/Network'
depbase=`echo ClientSocket.lo | sed 's|[^/]*$|.deps/&|;s|\.lo$||'`;\
/bin/bash ../libtool  --tag=CXX   --mode=compile g++ -DHAVE_CONFIG_H -I. -I..     -g -O2  -I/usr/local/cuda-11.8/include -MT ClientSocket.lo -MD -MP -MF $depbase.Tpo -c -o ClientSocket.lo ClientSocket.C &&\
mv -f $depbase.Tpo $depbase.Plo
depbase=`echo Socket.lo | sed 's|[^/]*$|.deps/&|;s|\.lo$||'`;\
/bin/bash ../libtool  --tag=CXX   --mode=compile g++ -DHAVE_CONFIG_H -I. -I..     -g -O2  -I/usr/local/cuda-11.8/include -MT Socket.lo -MD -MP -MF $depbase.Tpo -c -o Socket.lo Socket.C &&\
mv -f $depbase.Tpo $depbase.Plo
depbase=`echo ServerSocket.lo | sed 's|[^/]*$|.deps/&|;s|\.lo$||'`;\
/bin/bash ../libtool  --tag=CXX   --mode=compile g++ -DHAVE_CONFIG_H -I. -I..     -g -O2  -I/usr/local/cuda-11.8/include -MT ServerSocket.lo -MD -MP -MF $depbase.Tpo -c -o ServerSocket.lo ServerSocket.C &&\
mv -f $depbase.Tpo $depbase.Plo
libtool: compile:  g++ -DHAVE_CONFIG_H -I. -I.. -g -O2 -I/usr/local/cuda-11.8/include -MT ServerSocket.lo -MD -MP -MF .deps/ServerSocket.Tpo -c ServerSocket.C -o ServerSocket.o
libtool: compile:  g++ -DHAVE_CONFIG_H -I. -I.. -g -O2 -I/usr/local/cuda-11.8/include -MT ClientSocket.lo -MD -MP -MF .deps/ClientSocket.Tpo -c ClientSocket.C -o ClientSocket.o
libtool: compile:  g++ -DHAVE_CONFIG_H -I. -I.. -g -O2 -I/usr/local/cuda-11.8/include -MT Socket.lo -MD -MP -MF .deps/Socket.Tpo -c Socket.C -o Socket.o
/bin/bash ../libtool  --tag=CXX   --mode=link g++  -g -O2  -I/usr/local/cuda-11.8/include   -o libhdnetwork.la -rpath /workspace/Heimdall_fixed/Install/lib ClientSocket.lo Socket.lo ServerSocket.lo  
libtool: link: ar cr .libs/libhdnetwork.a  ClientSocket.o Socket.o ServerSocket.o
libtool: link: ranlib .libs/libhdnetwork.a
libtool: link: ( cd ".libs" && rm -f "libhdnetwork.la" && ln -s "../libhdnetwork.la" "libhdnetwork.la" )
make[2]: Leaving directory '/workspace/Heimdall_fixed/heimdall/Network'
Making all in Applications
make[2]: Entering directory '/workspace/Heimdall_fixed/heimdall/Applications'
depbase=`echo heimdall.o | sed 's|[^/]*$|.deps/&|;s|\.o$||'`;\
g++ -DHAVE_CONFIG_H -I. -I..    -I.. -I../Formats -I../Network -I../Pipeline -I/workspace/software/psrdada/include -I/workspace/software/dedisp/include -g -O2  -I/usr/local/cuda-11.8/include -MT heimdall.o -MD -MP -MF $depbase.Tpo -c -o heimdall.o heimdall.C &&\
mv -f $depbase.Tpo $depbase.Po
depbase=`echo coincidencer.o | sed 's|[^/]*$|.deps/&|;s|\.o$||'`;\
g++ -DHAVE_CONFIG_H -I. -I..    -I.. -I../Formats -I../Network -I../Pipeline -I/workspace/software/psrdada/include -I/workspace/software/dedisp/include -g -O2  -I/usr/local/cuda-11.8/include -MT coincidencer.o -MD -MP -MF $depbase.Tpo -c -o coincidencer.o coincidencer.C &&\
mv -f $depbase.Tpo $depbase.Po
depbase=`echo Candidates.o | sed 's|[^/]*$|.deps/&|;s|\.o$||'`;\
g++ -DHAVE_CONFIG_H -I. -I..    -I.. -I../Formats -I../Network -I../Pipeline -I/workspace/software/psrdada/include -I/workspace/software/dedisp/include -g -O2  -I/usr/local/cuda-11.8/include -MT Candidates.o -MD -MP -MF $depbase.Tpo -c -o Candidates.o Candidates.C &&\
mv -f $depbase.Tpo $depbase.Po
depbase=`echo coincidencer_client.o | sed 's|[^/]*$|.deps/&|;s|\.o$||'`;\
g++ -DHAVE_CONFIG_H -I. -I..    -I.. -I../Formats -I../Network -I../Pipeline -I/workspace/software/psrdada/include -I/workspace/software/dedisp/include -g -O2  -I/usr/local/cuda-11.8/include -MT coincidencer_client.o -MD -MP -MF $depbase.Tpo -c -o coincidencer_client.o coincidencer_client.C &&\
mv -f $depbase.Tpo $depbase.Po
depbase=`echo candidate_profiler.o | sed 's|[^/]*$|.deps/&|;s|\.o$||'`;\
g++ -DHAVE_CONFIG_H -I. -I..    -I.. -I../Formats -I../Network -I../Pipeline -I/workspace/software/psrdada/include -I/workspace/software/dedisp/include -g -O2  -I/usr/local/cuda-11.8/include -MT candidate_profiler.o -MD -MP -MF $depbase.Tpo -c -o candidate_profiler.o candidate_profiler.C &&\
mv -f $depbase.Tpo $depbase.Po
depbase=`echo fil2pgm.o | sed 's|[^/]*$|.deps/&|;s|\.o$||'`;\
g++ -DHAVE_CONFIG_H -I. -I..    -I.. -I../Formats -I../Network -I../Pipeline -I/workspace/software/psrdada/include -I/workspace/software/dedisp/include -g -O2  -I/usr/local/cuda-11.8/include -MT fil2pgm.o -MD -MP -MF $depbase.Tpo -c -o fil2pgm.o fil2pgm.C &&\
mv -f $depbase.Tpo $depbase.Po
depbase=`echo generate_dmlist.o | sed 's|[^/]*$|.deps/&|;s|\.o$||'`;\
g++ -DHAVE_CONFIG_H -I. -I..    -I.. -I../Formats -I../Network -I../Pipeline -I/workspace/software/psrdada/include -I/workspace/software/dedisp/include -g -O2  -I/usr/local/cuda-11.8/include -MT generate_dmlist.o -MD -MP -MF $depbase.Tpo -c -o generate_dmlist.o generate_dmlist.C &&\
mv -f $depbase.Tpo $depbase.Po
/bin/bash ../libtool  --tag=CXX   --mode=link g++ -I.. -I../Formats -I../Network -I../Pipeline -I/workspace/software/psrdada/include -I/workspace/software/dedisp/include -g -O2  -I/usr/local/cuda-11.8/include   -o coincidencer_client coincidencer_client.o ../Formats/libhdformats.la ../Pipeline/libhdpipeline.la ../Network/libhdnetwork.la -L/usr/local/cuda-11.8/lib64 -lcudart -L/workspace/software/dedisp/lib -ldedisp -lstdc++  -L/workspace/software/psrdada/lib -lpsrdada    
/bin/bash ../libtool  --tag=CXX   --mode=link g++ -I.. -I../Formats -I../Network -I../Pipeline -I/workspace/software/psrdada/include -I/workspace/software/dedisp/include -g -O2  -I/usr/local/cuda-11.8/include   -o heimdall heimdall.o ../Formats/libhdformats.la ../Pipeline/libhdpipeline.la ../Network/libhdnetwork.la -L/usr/local/cuda-11.8/lib64 -lcudart -L/workspace/software/dedisp/lib -ldedisp -lstdc++  -L/workspace/software/psrdada/lib -lpsrdada    
/bin/bash ../libtool  --tag=CC   --mode=link gcc  -g -O2    -o fil2pgm fil2pgm.o ../Formats/libhdformats.la ../Pipeline/libhdpipeline.la ../Network/libhdnetwork.la -L/usr/local/cuda-11.8/lib64 -lcudart -L/workspace/software/dedisp/lib -ldedisp -lstdc++  -L/workspace/software/psrdada/lib -lpsrdada    
libtool: link: g++ -I.. -I../Formats -I../Network -I../Pipeline -I/workspace/software/psrdada/include -I/workspace/software/dedisp/include -g -O2 -I/usr/local/cuda-11.8/include -o coincidencer_client coincidencer_client.o  ../Formats/.libs/libhdformats.a ../Pipeline/.libs/libhdpipeline.a ../Network/.libs/libhdnetwork.a -L/usr/local/cuda-11.8/lib64 -lcudart -L/workspace/software/dedisp/lib -ldedisp -lstdc++ -L/workspace/software/psrdada/lib /workspace/software/psrdada/lib/libpsrdada.so -lm -pthread -Wl,-rpath -Wl,/workspace/software/psrdada/lib -Wl,-rpath -Wl,/workspace/software/psrdada/lib
/bin/bash ../libtool  --tag=CC   --mode=link gcc  -g -O2    -o generate_dmlist generate_dmlist.o ../Formats/libhdformats.la ../Pipeline/libhdpipeline.la ../Network/libhdnetwork.la -L/usr/local/cuda-11.8/lib64 -lcudart -L/workspace/software/dedisp/lib -ldedisp -lstdc++  -L/workspace/software/psrdada/lib -lpsrdada    
libtool: link: gcc -g -O2 -o fil2pgm fil2pgm.o  ../Formats/.libs/libhdformats.a ../Pipeline/.libs/libhdpipeline.a ../Network/.libs/libhdnetwork.a -L/usr/local/cuda-11.8/lib64 -lcudart -L/workspace/software/dedisp/lib -ldedisp -lstdc++ -L/workspace/software/psrdada/lib /workspace/software/psrdada/lib/libpsrdada.so -lm -pthread -Wl,-rpath -Wl,/workspace/software/psrdada/lib -Wl,-rpath -Wl,/workspace/software/psrdada/lib
libtool: link: g++ -I.. -I../Formats -I../Network -I../Pipeline -I/workspace/software/psrdada/include -I/workspace/software/dedisp/include -g -O2 -I/usr/local/cuda-11.8/include -o heimdall heimdall.o  ../Formats/.libs/libhdformats.a ../Pipeline/.libs/libhdpipeline.a ../Network/.libs/libhdnetwork.a -L/usr/local/cuda-11.8/lib64 -lcudart -L/workspace/software/dedisp/lib -ldedisp -lstdc++ -L/workspace/software/psrdada/lib /workspace/software/psrdada/lib/libpsrdada.so -lm -pthread -Wl,-rpath -Wl,/workspace/software/psrdada/lib -Wl,-rpath -Wl,/workspace/software/psrdada/lib
libtool: link: gcc -g -O2 -o generate_dmlist generate_dmlist.o  ../Formats/.libs/libhdformats.a ../Pipeline/.libs/libhdpipeline.a ../Network/.libs/libhdnetwork.a -L/usr/local/cuda-11.8/lib64 -lcudart -L/workspace/software/dedisp/lib -ldedisp -lstdc++ -L/workspace/software/psrdada/lib /workspace/software/psrdada/lib/libpsrdada.so -lm -pthread -Wl,-rpath -Wl,/workspace/software/psrdada/lib -Wl,-rpath -Wl,/workspace/software/psrdada/lib
make[2]: Leaving directory '/workspace/Heimdall_fixed/heimdall/Applications'
make[1]: Leaving directory '/workspace/Heimdall_fixed/heimdall'
